[ldd rocprofv3]


[ldd pc_sampling_test]
	linux-vdso.so.1 (0x0000766b1f17e000)
	libamdhip64.so.7 => /home/wd/venv_torch/lib/python3.14/site-packages/_rocm_sdk_devel/lib/libamdhip64.so.7 (0x0000766b1ea00000)
	libstdc++.so.6 => /usr/lib/x86_64-linux-gnu/libstdc++.so.6 (0x0000766b1e600000)
	libm.so.6 => /usr/lib/x86_64-linux-gnu/libm.so.6 (0x0000766b1f084000)
	libgcc_s.so.1 => /usr/lib/x86_64-linux-gnu/libgcc_s.so.1 (0x0000766b1e9d3000)
	libc.so.6 => /usr/lib/x86_64-linux-gnu/libc.so.6 (0x0000766b1e200000)
	librocm_kpack.so.0 => /home/wd/venv_torch/lib/python3.14/site-packages/_rocm_sdk_devel/lib/librocm_kpack.so.0 (0x0000766b1e984000)
	librocprofiler-register.so.0 => /home/wd/venv_torch/lib/python3.14/site-packages/_rocm_sdk_devel/lib/librocprofiler-register.so.0 (0x0000766b1e504000)
	libamd_comgr.so.3 => /home/wd/venv_torch/lib/python3.14/site-packages/_rocm_sdk_devel/lib/libamd_comgr.so.3 (0x0000766b1d400000)
	libhsa-runtime64.so.1 => /home/wd/venv_torch/lib/python3.14/site-packages/_rocm_sdk_devel/lib/libhsa-runtime64.so.1 (0x0000766b1ce00000)
	/lib64/ld-linux-x86-64.so.2 (0x0000766b1f180000)
	librocm_sysdeps_zstd.so.1 => /home/wd/venv_torch/lib/python3.14/site-packages/_rocm_sdk_devel/lib/rocm_sysdeps/lib/librocm_sysdeps_zstd.so.1 (0x0000766b1e8b0000)
	libpthread.so.0 => /usr/lib/x86_64-linux-gnu/libpthread.so.0 (0x0000766b1f07b000)
	libdl.so.2 => /usr/lib/x86_64-linux-gnu/libdl.so.2 (0x0000766b1f076000)
	libclang-cpp.so.24.0git => /home/wd/venv_torch/lib/python3.14/site-packages/_rocm_sdk_devel/lib/llvm/lib/libclang-cpp.so.24.0git (0x0000766b17c00000)
	librt.so.1 => /usr/lib/x86_64-linux-gnu/librt.so.1 (0x0000766b1f071000)
	librocm_sysdeps_z.so.1 => /home/wd/venv_torch/lib/python3.14/site-packages/_rocm_sdk_devel/lib/rocm_sysdeps/lib/librocm_sysdeps_z.so.1 (0x0000766b1e4e3000)
	libLLVM.so.24.0git => /home/wd/venv_torch/lib/python3.14/site-packages/_rocm_sdk_devel/lib/llvm/lib/libLLVM.so.24.0git (0x0000766b10800000)
	libelf.so.1 => /usr/lib/x86_64-linux-gnu/libelf.so.1 (0x0000766b1e4bc000)
	libdrm.so.2 => /usr/lib/x86_64-linux-gnu/libdrm.so.2 (0x0000766b1e4a5000)
	libdrm_amdgpu.so.1 => /usr/lib/x86_64-linux-gnu/libdrm_amdgpu.so.1 (0x0000766b1f062000)
	libnuma.so.1 => /usr/lib/x86_64-linux-gnu/libnuma.so.1 (0x0000766b1e497000)
	libz.so.1 => /usr/lib/x86_64-linux-gnu/libz.so.1 (0x0000766b1e479000)
	libzstd.so.1 => /usr/lib/x86_64-linux-gnu/libzstd.so.1 (0x0000766b1e147000)

