[ldd rocprofv3]


[ldd pc_sampling_test]
	linux-vdso.so.1 (0x000073a231235000)
	libamdhip64.so.7 => /home/wd/venv_torch/lib/python3.14/site-packages/_rocm_sdk_devel/lib/libamdhip64.so.7 (0x000073a230a00000)
	libstdc++.so.6 => /usr/lib/x86_64-linux-gnu/libstdc++.so.6 (0x000073a230600000)
	libm.so.6 => /usr/lib/x86_64-linux-gnu/libm.so.6 (0x000073a23113b000)
	libgcc_s.so.1 => /usr/lib/x86_64-linux-gnu/libgcc_s.so.1 (0x000073a23110e000)
	libc.so.6 => /usr/lib/x86_64-linux-gnu/libc.so.6 (0x000073a230200000)
	librocm_kpack.so.0 => /home/wd/venv_torch/lib/python3.14/site-packages/_rocm_sdk_devel/lib/librocm_kpack.so.0 (0x000073a2310bd000)
	librocprofiler-register.so.0 => /home/wd/venv_torch/lib/python3.14/site-packages/_rocm_sdk_devel/lib/librocprofiler-register.so.0 (0x000073a230904000)
	libamd_comgr.so.3 => /home/wd/venv_torch/lib/python3.14/site-packages/_rocm_sdk_devel/lib/libamd_comgr.so.3 (0x000073a22f400000)
	libhsa-runtime64.so.1 => /home/wd/venv_torch/lib/python3.14/site-packages/_rocm_sdk_devel/lib/libhsa-runtime64.so.1 (0x000073a22ee00000)
	/lib64/ld-linux-x86-64.so.2 (0x000073a231237000)
	librocm_sysdeps_zstd.so.1 => /home/wd/venv_torch/lib/python3.14/site-packages/_rocm_sdk_devel/lib/rocm_sysdeps/lib/librocm_sysdeps_zstd.so.1 (0x000073a23052c000)
	libpthread.so.0 => /usr/lib/x86_64-linux-gnu/libpthread.so.0 (0x000073a2310b6000)
	libdl.so.2 => /usr/lib/x86_64-linux-gnu/libdl.so.2 (0x000073a2310b1000)
	libclang-cpp.so.24.0git => /home/wd/venv_torch/lib/python3.14/site-packages/_rocm_sdk_devel/lib/llvm/lib/libclang-cpp.so.24.0git (0x000073a229c00000)
	librt.so.1 => /usr/lib/x86_64-linux-gnu/librt.so.1 (0x000073a2310ac000)
	librocm_sysdeps_z.so.1 => /home/wd/venv_torch/lib/python3.14/site-packages/_rocm_sdk_devel/lib/rocm_sysdeps/lib/librocm_sysdeps_z.so.1 (0x000073a231089000)
	libLLVM.so.24.0git => /home/wd/venv_torch/lib/python3.14/site-packages/_rocm_sdk_devel/lib/llvm/lib/libLLVM.so.24.0git (0x000073a222800000)
	libelf.so.1 => /usr/lib/x86_64-linux-gnu/libelf.so.1 (0x000073a231062000)
	libdrm.so.2 => /usr/lib/x86_64-linux-gnu/libdrm.so.2 (0x000073a2308ed000)
	libdrm_amdgpu.so.1 => /usr/lib/x86_64-linux-gnu/libdrm_amdgpu.so.1 (0x000073a2308e0000)
	libnuma.so.1 => /usr/lib/x86_64-linux-gnu/libnuma.so.1 (0x000073a2308d2000)
	libz.so.1 => /usr/lib/x86_64-linux-gnu/libz.so.1 (0x000073a2308b4000)
	libzstd.so.1 => /usr/lib/x86_64-linux-gnu/libzstd.so.1 (0x000073a230473000)

