    PID    PPID STAT     ELAPSED COMMAND         COMMAND
      1       0 Ss    3-14:27:54 systemd         /sbin/init
      2       0 S     3-14:27:54 kthreadd        [kthreadd]
      3       2 S     3-14:27:54 pool_workqueue_ [pool_workqueue_release]
      4       2 I<    3-14:27:54 kworker/R-rcu_g [kworker/R-rcu_gp]
      5       2 I<    3-14:27:54 kworker/R-sync_ [kworker/R-sync_wq]
      6       2 I<    3-14:27:54 kworker/R-kvfre [kworker/R-kvfree_rcu_reclaim]
      7       2 I<    3-14:27:54 kworker/R-slub_ [kworker/R-slub_flushwq]
      8       2 I<    3-14:27:54 kworker/R-netns [kworker/R-netns]
     10       2 I<    3-14:27:54 kworker/0:0H-kb [kworker/0:0H-kblockd]
     13       2 I<    3-14:27:54 kworker/R-mm_pe [kworker/R-mm_percpu_wq]
     14       2 S     3-14:27:54 ksoftirqd/0     [ksoftirqd/0]
     15       2 I     3-14:27:54 rcu_preempt     [rcu_preempt]
     16       2 S     3-14:27:54 rcu_exp_par_gp_ [rcu_exp_par_gp_kthread_worker/1]
     17       2 S     3-14:27:54 rcu_exp_gp_kthr [rcu_exp_gp_kthread_worker]
     18       2 S     3-14:27:54 migration/0     [migration/0]
     19       2 S     3-14:27:54 kprobe-optimize [kprobe-optimizer]
     20       2 S     3-14:27:54 idle_inject/0   [idle_inject/0]
     21       2 S     3-14:27:54 cpuhp/0         [cpuhp/0]
     22       2 S     3-14:27:54 cpuhp/1         [cpuhp/1]
     23       2 S     3-14:27:54 idle_inject/1   [idle_inject/1]
     24       2 S     3-14:27:54 migration/1     [migration/1]
     25       2 S     3-14:27:54 ksoftirqd/1     [ksoftirqd/1]
     27       2 I<    3-14:27:54 kworker/1:0H-kb [kworker/1:0H-kblockd]
     28       2 S     3-14:27:54 cpuhp/2         [cpuhp/2]
     29       2 S     3-14:27:54 idle_inject/2   [idle_inject/2]
     30       2 S     3-14:27:54 migration/2     [migration/2]
     31       2 S     3-14:27:54 ksoftirqd/2     [ksoftirqd/2]
     33       2 I<    3-14:27:54 kworker/2:0H-kb [kworker/2:0H-kblockd]
     34       2 S     3-14:27:54 cpuhp/3         [cpuhp/3]
     35       2 S     3-14:27:54 idle_inject/3   [idle_inject/3]
     36       2 S     3-14:27:54 migration/3     [migration/3]
     37       2 S     3-14:27:54 ksoftirqd/3     [ksoftirqd/3]
     39       2 I<    3-14:27:54 kworker/3:0H-kb [kworker/3:0H-kblockd]
     40       2 S     3-14:27:54 cpuhp/4         [cpuhp/4]
     41       2 S     3-14:27:54 idle_inject/4   [idle_inject/4]
     42       2 S     3-14:27:54 migration/4     [migration/4]
     43       2 S     3-14:27:54 ksoftirqd/4     [ksoftirqd/4]
     45       2 I<    3-14:27:54 kworker/4:0H-kb [kworker/4:0H-kblockd]
     46       2 S     3-14:27:54 cpuhp/5         [cpuhp/5]
     47       2 S     3-14:27:54 idle_inject/5   [idle_inject/5]
     48       2 S     3-14:27:54 migration/5     [migration/5]
     49       2 S     3-14:27:54 ksoftirqd/5     [ksoftirqd/5]
     51       2 I<    3-14:27:54 kworker/5:0H-kb [kworker/5:0H-kblockd]
     52       2 S     3-14:27:54 cpuhp/6         [cpuhp/6]
     53       2 S     3-14:27:54 idle_inject/6   [idle_inject/6]
     54       2 S     3-14:27:54 migration/6     [migration/6]
     55       2 S     3-14:27:54 ksoftirqd/6     [ksoftirqd/6]
     57       2 I<    3-14:27:54 kworker/6:0H-kb [kworker/6:0H-kblockd]
     58       2 S     3-14:27:54 cpuhp/7         [cpuhp/7]
     59       2 S     3-14:27:54 idle_inject/7   [idle_inject/7]
     60       2 S     3-14:27:54 migration/7     [migration/7]
     61       2 S     3-14:27:54 ksoftirqd/7     [ksoftirqd/7]
     63       2 I<    3-14:27:54 kworker/7:0H-kb [kworker/7:0H-kblockd]
     64       2 S     3-14:27:54 cpuhp/8         [cpuhp/8]
     65       2 S     3-14:27:54 idle_inject/8   [idle_inject/8]
     66       2 S     3-14:27:54 migration/8     [migration/8]
     67       2 S     3-14:27:54 ksoftirqd/8     [ksoftirqd/8]
     69       2 I<    3-14:27:54 kworker/8:0H-kb [kworker/8:0H-kblockd]
     70       2 S     3-14:27:54 cpuhp/9         [cpuhp/9]
     71       2 S     3-14:27:54 idle_inject/9   [idle_inject/9]
     72       2 S     3-14:27:54 migration/9     [migration/9]
     73       2 S     3-14:27:54 ksoftirqd/9     [ksoftirqd/9]
     75       2 I<    3-14:27:54 kworker/9:0H-kb [kworker/9:0H-kblockd]
     76       2 S     3-14:27:54 cpuhp/10        [cpuhp/10]
     77       2 S     3-14:27:54 idle_inject/10  [idle_inject/10]
     78       2 S     3-14:27:54 migration/10    [migration/10]
     79       2 S     3-14:27:54 ksoftirqd/10    [ksoftirqd/10]
     81       2 I<    3-14:27:54 kworker/10:0H-k [kworker/10:0H-kblockd]
     82       2 S     3-14:27:54 cpuhp/11        [cpuhp/11]
     83       2 S     3-14:27:54 idle_inject/11  [idle_inject/11]
     84       2 S     3-14:27:54 migration/11    [migration/11]
     85       2 S     3-14:27:54 ksoftirqd/11    [ksoftirqd/11]
     87       2 I<    3-14:27:54 kworker/11:0H-k [kworker/11:0H-kblockd]
     88       2 S     3-14:27:54 cpuhp/12        [cpuhp/12]
     89       2 S     3-14:27:54 idle_inject/12  [idle_inject/12]
     90       2 S     3-14:27:54 migration/12    [migration/12]
     91       2 S     3-14:27:54 ksoftirqd/12    [ksoftirqd/12]
     93       2 I<    3-14:27:54 kworker/12:0H-k [kworker/12:0H-kblockd]
     94       2 S     3-14:27:54 cpuhp/13        [cpuhp/13]
     95       2 S     3-14:27:54 idle_inject/13  [idle_inject/13]
     96       2 S     3-14:27:54 migration/13    [migration/13]
     97       2 S     3-14:27:54 ksoftirqd/13    [ksoftirqd/13]
     98       2 I     3-14:27:54 kworker/13:0-mm [kworker/13:0-mm_percpu_wq]
     99       2 I<    3-14:27:54 kworker/13:0H-k [kworker/13:0H-kblockd]
    100       2 S     3-14:27:54 cpuhp/14        [cpuhp/14]
    101       2 S     3-14:27:54 idle_inject/14  [idle_inject/14]
    102       2 S     3-14:27:54 migration/14    [migration/14]
    103       2 S     3-14:27:54 ksoftirqd/14    [ksoftirqd/14]
    105       2 I<    3-14:27:54 kworker/14:0H-k [kworker/14:0H-kblockd]
    106       2 S     3-14:27:54 cpuhp/15        [cpuhp/15]
    107       2 S     3-14:27:54 idle_inject/15  [idle_inject/15]
    108       2 S     3-14:27:54 migration/15    [migration/15]
    109       2 S     3-14:27:54 ksoftirqd/15    [ksoftirqd/15]
    111       2 I<    3-14:27:54 kworker/15:0H-k [kworker/15:0H-kblockd]
    112       2 S     3-14:27:54 cpuhp/16        [cpuhp/16]
    113       2 S     3-14:27:54 idle_inject/16  [idle_inject/16]
    114       2 S     3-14:27:54 migration/16    [migration/16]
    115       2 S     3-14:27:54 ksoftirqd/16    [ksoftirqd/16]
    117       2 I<    3-14:27:54 kworker/16:0H-k [kworker/16:0H-kblockd]
    118       2 S     3-14:27:54 rcu_exp_par_gp_ [rcu_exp_par_gp_kthread_worker/2]
    119       2 S     3-14:27:54 cpuhp/17        [cpuhp/17]
    120       2 S     3-14:27:54 idle_inject/17  [idle_inject/17]
    121       2 S     3-14:27:54 migration/17    [migration/17]
    122       2 S     3-14:27:54 ksoftirqd/17    [ksoftirqd/17]
    124       2 I<    3-14:27:54 kworker/17:0H-k [kworker/17:0H-kblockd]
    125       2 S     3-14:27:54 cpuhp/18        [cpuhp/18]
    126       2 S     3-14:27:54 idle_inject/18  [idle_inject/18]
    127       2 S     3-14:27:54 migration/18    [migration/18]
    128       2 S     3-14:27:54 ksoftirqd/18    [ksoftirqd/18]
    129       2 I     3-14:27:54 kworker/18:0-ev [kworker/18:0-events]
    130       2 I<    3-14:27:54 kworker/18:0H-k [kworker/18:0H-kblockd]
    131       2 S     3-14:27:54 cpuhp/19        [cpuhp/19]
    132       2 S     3-14:27:54 idle_inject/19  [idle_inject/19]
    133       2 S     3-14:27:54 migration/19    [migration/19]
    134       2 S     3-14:27:54 ksoftirqd/19    [ksoftirqd/19]
    136       2 I<    3-14:27:54 kworker/19:0H-k [kworker/19:0H-kblockd]
    137       2 S     3-14:27:54 cpuhp/20        [cpuhp/20]
    138       2 S     3-14:27:54 idle_inject/20  [idle_inject/20]
    139       2 S     3-14:27:54 migration/20    [migration/20]
    140       2 S     3-14:27:54 ksoftirqd/20    [ksoftirqd/20]
    142       2 I<    3-14:27:54 kworker/20:0H-k [kworker/20:0H-kblockd]
    143       2 S     3-14:27:54 cpuhp/21        [cpuhp/21]
    144       2 S     3-14:27:54 idle_inject/21  [idle_inject/21]
    145       2 S     3-14:27:54 migration/21    [migration/21]
    146       2 S     3-14:27:54 ksoftirqd/21    [ksoftirqd/21]
    148       2 I<    3-14:27:54 kworker/21:0H-k [kworker/21:0H-kblockd]
    149       2 S     3-14:27:54 cpuhp/22        [cpuhp/22]
    150       2 S     3-14:27:54 idle_inject/22  [idle_inject/22]
    151       2 S     3-14:27:54 migration/22    [migration/22]
    152       2 S     3-14:27:54 ksoftirqd/22    [ksoftirqd/22]
    154       2 I<    3-14:27:54 kworker/22:0H-k [kworker/22:0H-kblockd]
    155       2 S     3-14:27:54 cpuhp/23        [cpuhp/23]
    156       2 S     3-14:27:54 idle_inject/23  [idle_inject/23]
    157       2 S     3-14:27:54 migration/23    [migration/23]
    158       2 S     3-14:27:54 ksoftirqd/23    [ksoftirqd/23]
    160       2 I<    3-14:27:54 kworker/23:0H-k [kworker/23:0H-kblockd]
    161       2 S     3-14:27:54 cpuhp/24        [cpuhp/24]
    162       2 S     3-14:27:54 idle_inject/24  [idle_inject/24]
    163       2 S     3-14:27:54 migration/24    [migration/24]
    164       2 S     3-14:27:54 ksoftirqd/24    [ksoftirqd/24]
    166       2 I<    3-14:27:54 kworker/24:0H-k [kworker/24:0H-kblockd]
    167       2 S     3-14:27:54 cpuhp/25        [cpuhp/25]
    168       2 S     3-14:27:54 idle_inject/25  [idle_inject/25]
    169       2 S     3-14:27:54 migration/25    [migration/25]
    170       2 S     3-14:27:54 ksoftirqd/25    [ksoftirqd/25]
    172       2 I<    3-14:27:54 kworker/25:0H-k [kworker/25:0H-kblockd]
    173       2 S     3-14:27:54 cpuhp/26        [cpuhp/26]
    174       2 S     3-14:27:54 idle_inject/26  [idle_inject/26]
    175       2 S     3-14:27:54 migration/26    [migration/26]
    176       2 S     3-14:27:54 ksoftirqd/26    [ksoftirqd/26]
    178       2 I<    3-14:27:54 kworker/26:0H-k [kworker/26:0H-kblockd]
    179       2 S     3-14:27:54 cpuhp/27        [cpuhp/27]
    180       2 S     3-14:27:54 idle_inject/27  [idle_inject/27]
    181       2 S     3-14:27:54 migration/27    [migration/27]
    182       2 S     3-14:27:54 ksoftirqd/27    [ksoftirqd/27]
    184       2 I<    3-14:27:54 kworker/27:0H-k [kworker/27:0H-kblockd]
    185       2 S     3-14:27:54 cpuhp/28        [cpuhp/28]
    186       2 S     3-14:27:54 idle_inject/28  [idle_inject/28]
    187       2 S     3-14:27:54 migration/28    [migration/28]
    188       2 S     3-14:27:54 ksoftirqd/28    [ksoftirqd/28]
    190       2 I<    3-14:27:54 kworker/28:0H-k [kworker/28:0H-kblockd]
    191       2 S     3-14:27:54 cpuhp/29        [cpuhp/29]
    192       2 S     3-14:27:54 idle_inject/29  [idle_inject/29]
    193       2 S     3-14:27:54 migration/29    [migration/29]
    194       2 S     3-14:27:54 ksoftirqd/29    [ksoftirqd/29]
    196       2 I<    3-14:27:54 kworker/29:0H-k [kworker/29:0H-kblockd]
    197       2 S     3-14:27:54 cpuhp/30        [cpuhp/30]
    198       2 S     3-14:27:54 idle_inject/30  [idle_inject/30]
    199       2 S     3-14:27:54 migration/30    [migration/30]
    200       2 S     3-14:27:54 ksoftirqd/30    [ksoftirqd/30]
    202       2 I<    3-14:27:54 kworker/30:0H-k [kworker/30:0H-kblockd]
    203       2 S     3-14:27:54 cpuhp/31        [cpuhp/31]
    204       2 S     3-14:27:54 idle_inject/31  [idle_inject/31]
    205       2 S     3-14:27:54 migration/31    [migration/31]
    206       2 S     3-14:27:54 ksoftirqd/31    [ksoftirqd/31]
    208       2 I<    3-14:27:54 kworker/31:0H-k [kworker/31:0H-kblockd]
    211       2 S     3-14:27:54 kdevtmpfs       [kdevtmpfs]
    212       2 I<    3-14:27:54 kworker/R-inet_ [kworker/R-inet_frag_wq]
    213       2 I     3-14:27:54 rcu_tasks_kthre [rcu_tasks_kthread]
    214       2 I     3-14:27:54 rcu_tasks_rude_ [rcu_tasks_rude_kthread]
    215       2 S     3-14:27:54 kauditd         [kauditd]
    216       2 S     3-14:27:54 khungtaskd      [khungtaskd]
    217       2 S     3-14:27:54 oom_reaper      [oom_reaper]
    220       2 I<    3-14:27:54 kworker/R-write [kworker/R-writeback]
    221       2 S     3-14:27:54 kcompactd0      [kcompactd0]
    222       2 SN    3-14:27:54 ksmd            [ksmd]
    223       2 SN    3-14:27:54 khugepaged      [khugepaged]
    224       2 I<    3-14:27:54 kworker/R-kbloc [kworker/R-kblockd]
    225       2 I<    3-14:27:54 kworker/R-blkcg [kworker/R-blkcg_punt_bio]
    226       2 I<    3-14:27:54 kworker/R-kinte [kworker/R-kintegrityd]
    227       2 S     3-14:27:54 irq/9-acpi      [irq/9-acpi]
    229       2 I<    3-14:27:54 kworker/R-tpm_d [kworker/R-tpm_dev_wq]
    230       2 I<    3-14:27:54 kworker/R-ata_s [kworker/R-ata_sff]
    231       2 I<    3-14:27:54 kworker/R-md_bi [kworker/R-md_bitmap]
    232       2 I<    3-14:27:54 kworker/R-md_ll [kworker/R-md_llbitmap_io]
    233       2 I<    3-14:27:54 kworker/R-md_ll [kworker/R-md_llbitmap_unplug]
    234       2 I<    3-14:27:54 kworker/R-edac- [kworker/R-edac-poller]
    236       2 I<    3-14:27:54 kworker/R-devfr [kworker/R-devfreq_wq]
    237       2 S     3-14:27:54 watchdogd       [watchdogd]
    238       2 I<    3-14:27:54 kworker/R-quota [kworker/R-quota_events_unbound]
    244       2 S     3-14:27:54 kswapd0         [kswapd0]
    245       2 S     3-14:27:54 ecryptfs-kthrea [ecryptfs-kthread]
    246       2 I<    3-14:27:54 kworker/R-kthro [kworker/R-kthrotld]
    247       2 I<    3-14:27:54 kworker/u131:0- [kworker/u131:0-hci0]
    248       2 S     3-14:27:54 irq/31-pciehp   [irq/31-pciehp]
    249       2 S     3-14:27:54 irq/32-pciehp   [irq/32-pciehp]
    250       2 I<    3-14:27:54 kworker/R-acpi_ [kworker/R-acpi_thermal_pm]
    283       2 I<    3-14:27:53 kworker/R-mld   [kworker/R-mld]
    284       2 I<    3-14:27:53 kworker/R-ipv6_ [kworker/R-ipv6_addrconf]
    285       2 I<    3-14:27:53 kworker/R-kstrp [kworker/R-kstrp]
    288       2 I<    3-14:27:53 kworker/u133:0- [kworker/u133:0-KFD IH]
    300       2 I<    3-14:27:53 kworker/R-charg [kworker/R-charger_manager]
    301       2 S     3-14:27:53 irq/26-ACPI:Eve [irq/26-ACPI:Event]
    302       2 S     3-14:27:53 irq/27-ACPI:Eve [irq/27-ACPI:Event]
    303       2 S     3-14:27:53 irq/28-ACPI:Eve [irq/28-ACPI:Event]
    304       2 S     3-14:27:53 irq/29-ACPI:Eve [irq/29-ACPI:Event]
    305       2 S     3-14:27:53 irq/30-ACPI:Eve [irq/30-ACPI:Event]
    416       2 I<    3-14:27:52 kworker/R-nvme- [kworker/R-nvme-wq]
    417       2 I<    3-14:27:52 kworker/R-nvme- [kworker/R-nvme-reset-wq]
    418       2 I<    3-14:27:52 kworker/R-nvme- [kworker/R-nvme-delete-wq]
    419       2 I<    3-14:27:52 kworker/R-nvme- [kworker/R-nvme-auth-wq]
    422       2 I<    3-14:27:52 kworker/R-sdhci [kworker/R-sdhci]
    423       2 S     3-14:27:52 irq/84-mmc0     [irq/84-mmc0]
    447       2 I<    3-14:27:52 kworker/R-btrfs [kworker/R-btrfs-worker]
    448       2 I<    3-14:27:52 kworker/R-btrfs [kworker/R-btrfs-delalloc]
    449       2 I<    3-14:27:52 kworker/R-btrfs [kworker/R-btrfs-flush_delalloc]
    450       2 I<    3-14:27:52 kworker/R-btrfs [kworker/R-btrfs-cache]
    451       2 I<    3-14:27:52 kworker/R-btrfs [kworker/R-btrfs-fixup]
    452       2 I<    3-14:27:52 kworker/R-btrfs [kworker/R-btrfs-endio]
    453       2 I<    3-14:27:52 kworker/R-btrfs [kworker/R-btrfs-endio-meta]
    454       2 I<    3-14:27:52 kworker/R-btrfs [kworker/R-btrfs-rmw]
    455       2 I<    3-14:27:52 kworker/R-btrfs [kworker/R-btrfs-endio-write]
    456       2 I<    3-14:27:52 kworker/R-btrfs [kworker/R-btrfs-freespace-write]
    457       2 I<    3-14:27:52 kworker/R-btrfs [kworker/R-btrfs-delayed-meta]
    458       2 I<    3-14:27:52 kworker/R-btrfs [kworker/R-btrfs-qgroup-rescan]
    459       2 S     3-14:27:52 btrfs-cleaner   [btrfs-cleaner]
    460       2 S     3-14:27:52 btrfs-transacti [btrfs-transaction]
    461       2 I<    3-14:27:52 kworker/0:1H-kb [kworker/0:1H-kblockd]
    462       2 I<    3-14:27:52 kworker/18:1H-k [kworker/18:1H-kblockd]
    474       2 I<    3-14:27:52 kworker/16:1H-k [kworker/16:1H-kblockd]
    478       2 I<    3-14:27:52 kworker/2:1H-kb [kworker/2:1H-kblockd]
    479       2 I<    3-14:27:52 kworker/5:1H-kb [kworker/5:1H-kblockd]
    482       2 I<    3-14:27:52 kworker/14:1H-k [kworker/14:1H-kblockd]
    491       2 I<    3-14:27:52 kworker/7:1H-kb [kworker/7:1H-kblockd]
    499       2 I<    3-14:27:52 kworker/4:1H-kb [kworker/4:1H-kblockd]
    500       2 I<    3-14:27:52 kworker/23:1H-k [kworker/23:1H-kblockd]
    501       2 I<    3-14:27:52 kworker/6:1H-kb [kworker/6:1H-kblockd]
    507       1 S<s   3-14:27:52 systemd-journal /usr/lib/systemd/systemd-journald
    511       2 I<    3-14:27:52 kworker/1:1H-kb [kworker/1:1H-kblockd]
    521       2 I<    3-14:27:52 kworker/17:1H-k [kworker/17:1H-kblockd]
    526       1 Ss    3-14:27:52 systemd-resolve /usr/lib/systemd/systemd-resolved
    527       2 I<    3-14:27:52 kworker/9:1H-kb [kworker/9:1H-kblockd]
    528       1 Ssl   3-14:27:52 systemd-timesyn /usr/lib/systemd/systemd-timesyncd
    531       2 I<    3-14:27:52 kworker/19:1H-k [kworker/19:1H-kblockd]
    534       2 I<    3-14:27:52 kworker/20:1H-k [kworker/20:1H-kblockd]
    535       1 Ss    3-14:27:52 systemd-udevd   /usr/lib/systemd/systemd-udevd
    536       2 I<    3-14:27:52 kworker/10:1H-k [kworker/10:1H-kblockd]
    538       2 I<    3-14:27:52 kworker/11:1H-k [kworker/11:1H-kblockd]
    556       2 I<    3-14:27:52 kworker/8:1H-kb [kworker/8:1H-kblockd]
    563       2 S     3-14:27:52 psimon          [psimon]
    647       2 I<    3-14:27:52 kworker/3:1H-kb [kworker/3:1H-kblockd]
    659       2 I<    3-14:27:51 kworker/R-cfg80 [kworker/R-cfg80211]
    660       2 I<    3-14:27:51 kworker/13:1H-k [kworker/13:1H-kblockd]
    661       2 I<    3-14:27:51 kworker/21:1H-k [kworker/21:1H-kblockd]
    662       2 I<    3-14:27:51 kworker/22:1H-k [kworker/22:1H-kblockd]
    663       2 I<    3-14:27:51 kworker/29:1H-k [kworker/29:1H-kblockd]
    664       2 I<    3-14:27:51 kworker/12:1H-k [kworker/12:1H-kblockd]
    665       2 I<    3-14:27:51 kworker/28:1H-k [kworker/28:1H-kblockd]
    666       2 I<    3-14:27:51 kworker/u131:1- [kworker/u131:1-hci0]
    668       2 I<    3-14:27:51 kworker/R-notif [kworker/R-notifier_wq]
    669       2 I<    3-14:27:51 kworker/15:1H-k [kworker/15:1H-kblockd]
    677       2 S     3-14:27:51 napi/phy0-0     [napi/phy0-0]
    678       2 S     3-14:27:51 napi/phy0-0     [napi/phy0-0]
    687       2 S     3-14:27:50 mt76-tx phy0    [mt76-tx phy0]
    689       2 I<    3-14:27:50 kworker/R-amdgp [kworker/R-amdgpu-reset-dev]
    697       2 I<    3-14:27:50 kworker/R-ttm   [kworker/R-ttm]
    702       2 I<    3-14:27:50 kworker/30:1H-k [kworker/30:1H-kblockd]
    720       1 Ss    3-14:27:50 systemd-network /usr/lib/systemd/systemd-networkd
    889       1 Ss    3-14:27:50 dbus-daemon     @dbus-daemon --system --address=systemd: --nofork --nopidfile --systemd-activation --syslog-only
    892       1 Ss    3-14:27:50 systemd-logind  /usr/lib/systemd/systemd-logind
    894       1 Ssl   3-14:27:50 udisksd         /usr/libexec/udisks2/udisksd
    903       2 I<    3-14:27:50 kworker/27:1H-k [kworker/27:1H-kblockd]
    906       1 Ss    3-14:27:50 wpa_supplicant  /usr/sbin/wpa_supplicant -u -s -O DIR=/run/wpa_supplicant GROUP=netdev
    907       2 I<    3-14:27:50 kworker/31:1H-k [kworker/31:1H-kblockd]
    950       1 Ssl   3-14:27:50 fail2ban-server /usr/bin/python3 /usr/bin/fail2ban-server -xf start
    955       1 Ss    3-14:27:50 unattended-upgr /usr/bin/python3 /usr/share/unattended-upgrades/unattended-upgrade-shutdown --wait-for-signal
    959       1 Ss    3-14:27:50 sshd            sshd: /usr/sbin/sshd -D [listener] 0 of 10-100 startups
    962       1 Ss+   3-14:27:50 agetty          /usr/sbin/agetty --noreset --noclear --issue-file=/etc/issue:/etc/issue.d:/run/issue.d:/usr/lib/issue.d - linux
    975       1 Ss    3-14:27:50 systemd         /usr/lib/systemd/systemd --user
    977     975 S     3-14:27:50 (sd-pam)        (sd-pam)
    995       2 I<    3-14:27:50 kworker/R-amdgp [kworker/R-amdgpu_dm_hpd_rx_offload_wq]
    996       2 I<    3-14:27:50 kworker/R-amdgp [kworker/R-amdgpu_dm_hpd_rx_offload_wq]
    997       2 I<    3-14:27:50 kworker/R-amdgp [kworker/R-amdgpu_dm_hpd_rx_offload_wq]
    998       2 I<    3-14:27:50 kworker/R-amdgp [kworker/R-amdgpu_dm_hpd_rx_offload_wq]
    999       2 I<    3-14:27:50 kworker/R-amdgp [kworker/R-amdgpu_dm_hpd_rx_offload_wq]
   1000       2 I<    3-14:27:50 kworker/R-amdgp [kworker/R-amdgpu_dm_hpd_rx_offload_wq]
   1001       2 I<    3-14:27:50 kworker/R-amdgp [kworker/R-amdgpu_dm_hpd_rx_offload_wq]
   1002       2 I<    3-14:27:50 kworker/R-amdgp [kworker/R-amdgpu_dm_hpd_rx_offload_wq]
   1003       2 I<    3-14:27:50 kworker/R-amdgp [kworker/R-amdgpu_dm_hpd_rx_offload_wq]
   1004       2 I<    3-14:27:50 kworker/R-amdgp [kworker/R-amdgpu_dm_hpd_rx_offload_wq]
   1005       2 I<    3-14:27:50 kworker/R-dm_vb [kworker/R-dm_vblank_control_workqueue]
   1006       2 I<    3-14:27:50 kworker/R-amdgp [kworker/R-amdgpu_dm_hpd_wq]
   1007       2 S     3-14:27:50 card0-crtc0     [card0-crtc0]
   1008       2 S     3-14:27:50 card0-crtc1     [card0-crtc1]
   1009       2 S     3-14:27:50 card0-crtc2     [card0-crtc2]
   1010       2 S     3-14:27:50 card0-crtc3     [card0-crtc3]
   1011       2 I<    3-14:27:50 kworker/R-gfx_0 [kworker/R-gfx_0.0.0]
   1012       2 I<    3-14:27:50 kworker/R-comp_ [kworker/R-comp_1.0.0]
   1013       2 I<    3-14:27:50 kworker/R-comp_ [kworker/R-comp_1.1.0]
   1014       2 I<    3-14:27:50 kworker/R-comp_ [kworker/R-comp_1.2.0]
   1015       2 I<    3-14:27:50 kworker/R-comp_ [kworker/R-comp_1.3.0]
   1016       2 I<    3-14:27:50 kworker/R-comp_ [kworker/R-comp_1.0.1]
   1017       2 I<    3-14:27:50 kworker/R-comp_ [kworker/R-comp_1.1.1]
   1018       2 I<    3-14:27:50 kworker/R-comp_ [kworker/R-comp_1.2.1]
   1019       2 I<    3-14:27:50 kworker/R-comp_ [kworker/R-comp_1.3.1]
   1020       2 I<    3-14:27:50 kworker/R-sdma0 [kworker/R-sdma0]
   1021       2 I<    3-14:27:50 kworker/R-vcn_u [kworker/R-vcn_unified_0]
   1022       2 I<    3-14:27:50 kworker/R-vcn_u [kworker/R-vcn_unified_1]
   1023       2 I<    3-14:27:50 kworker/R-jpeg_ [kworker/R-jpeg_dec_0]
   1024       2 I<    3-14:27:50 kworker/R-jpeg_ [kworker/R-jpeg_dec_1]
   1025       2 I<    3-14:27:50 kworker/R-vpe   [kworker/R-vpe]
   1063       2 I<    3-14:27:49 kworker/24:1H-k [kworker/24:1H-kblockd]
   1073     975 Ssl   3-14:27:49 mihomo          /home/wd/.local/bin/mihomo -d /home/wd/.config/mihomo
   1075       2 I<    3-14:27:49 kworker/25:1H-k [kworker/25:1H-kblockd]
   1540       1 Ssl   3-14:27:40 frpc            /usr/bin/frpc -c /etc/frp/frpc.toml
   1546       2 I<    3-14:27:18 kworker/26:1H-k [kworker/26:1H-kblockd]
  20662       2 I     3-14:19:02 kworker/21:1-mm [kworker/21:1-mm_percpu_wq]
  20676       2 I     3-14:18:48 kworker/15:2-ev [kworker/15:2-events]
  21873       2 I     3-14:17:54 kworker/27:4-ev [kworker/27:4-events]
  21908       2 I     3-14:17:53 kworker/26:3-mm [kworker/26:3-mm_percpu_wq]
  21939       2 I     3-14:17:53 kworker/11:9-ev [kworker/11:9-events]
  24466       2 I     3-14:16:19 kworker/20:4-mm [kworker/20:4-mm_percpu_wq]
  24475       2 I     3-14:16:18 kworker/30:5-ev [kworker/30:5-events]
  27340     975 Ss    3-13:25:24 dbus-daemon     /usr/bin/dbus-daemon --session --address=systemd: --nofork --nopidfile --systemd-activation --syslog-only
  62181       2 I     3-11:30:56 kworker/28:0-ev [kworker/28:0-events]
  71737       2 I     3-02:12:39 kworker/31:0-ev [kworker/31:0-events]
  73885       2 I     3-01:34:29 kworker/27:1-mm [kworker/27:1-mm_percpu_wq]
  73890       2 I     3-01:34:22 kworker/13:1    [kworker/13:1]
  79248       2 I     3-01:16:25 kworker/29:2-ev [kworker/29:2-events]
  93650       2 I     3-01:10:27 kworker/8:0-eve [kworker/8:0-events_freezable]
  98220       2 I     2-20:54:41 kworker/12:2-cg [kworker/12:2-cgroup_free]
  99300       2 I     2-20:16:06 kworker/24:2-mm [kworker/24:2-mm_percpu_wq]
  99549       2 I     2-18:49:10 kworker/26:1    [kworker/26:1]
 100499       2 I     2-15:46:32 kworker/5:0-rcu [kworker/5:0-rcu_gp]
 103090       2 I     2-10:05:35 kworker/25:0-rc [kworker/25:0-rcu_gp]
 103222       2 I     2-09:44:48 kworker/14:1-mm [kworker/14:1-mm_percpu_wq]
 104046       2 I     2-02:21:34 kworker/10:1-ev [kworker/10:1-events]
 105529       2 I     1-11:25:58 kworker/12:0-mm [kworker/12:0-mm_percpu_wq]
 105732       2 I     1-07:59:39 kworker/10:2-ev [kworker/10:2-events]
 109253       2 S       13:15:54 psimon          [psimon]
 111091       2 I       13:12:03 kworker/17:0-mm [kworker/17:0-mm_percpu_wq]
 114842       2 I       13:04:17 kworker/3:0-eve [kworker/3:0-events]
 115976       2 I       13:03:58 kworker/1:2-eve [kworker/1:2-events]
 116414       2 I       13:03:46 kworker/28:2-ev [kworker/28:2-events]
 118645       2 I       13:03:11 kworker/29:1-mm [kworker/29:1-mm_percpu_wq]
 143465       2 I       12:43:16 kworker/4:1-eve [kworker/4:1-events]
 143548       2 I       12:42:06 kworker/7:3-rcu [kworker/7:3-rcu_gp]
 143553       2 I       12:42:05 kworker/14:2-ev [kworker/14:2-events]
 143940       2 I       12:39:12 kworker/2:2-mm_ [kworker/2:2-mm_percpu_wq]
 144065       2 I       12:38:03 kworker/17:2    [kworker/17:2]
 144181       2 I       12:36:21 kworker/9:2-eve [kworker/9:2-events]
 144642       2 I       12:35:05 kworker/20:0-ev [kworker/20:0-events]
 145135       2 I       12:33:12 kworker/5:2-eve [kworker/5:2-events]
 145268       2 I       12:32:58 kworker/15:0    [kworker/15:0]
 147852       2 I       12:21:05 kworker/23:1-mm [kworker/23:1-mm_percpu_wq]
 147853       2 I       12:21:05 kworker/0:0-eve [kworker/0:0-events]
 147854       2 I       12:21:04 kworker/16:1-mm [kworker/16:1-mm_percpu_wq]
 148426       2 I       12:19:31 kworker/19:0-ev [kworker/19:0-events]
 148430       2 I       12:19:07 kworker/2:0-eve [kworker/2:0-events]
 148431       2 I       12:19:07 kworker/21:2    [kworker/21:2]
 148678       2 I       12:16:42 kworker/6:2-mm_ [kworker/6:2-mm_percpu_wq]
 148679       2 I       12:16:41 kworker/22:1-mm [kworker/22:1-mm_percpu_wq]
 148683       2 I       12:16:41 kworker/8:2-mm_ [kworker/8:2-mm_percpu_wq]
 148684       2 I       12:16:40 kworker/19:1-mm [kworker/19:1-mm_percpu_wq]
 149104       2 I       12:15:03 kworker/16:0-rc [kworker/16:0-rcu_gp]
 149243       2 I       08:17:35 kworker/25:1-mm [kworker/25:1-mm_percpu_wq]
 149249       2 I       08:00:42 kworker/6:0-eve [kworker/6:0-events]
 149502       2 I       02:49:28 kworker/18:1    [kworker/18:1]
 149503       2 I       02:49:28 kworker/3:2-mm_ [kworker/3:2-mm_percpu_wq]
 149520       2 I       02:06:05 kworker/u128:2- [kworker/u128:2-sdma0]
 149693       2 I       02:01:56 kworker/11:0    [kworker/11:0]
 149696       2 I       01:57:52 kworker/u128:1- [kworker/u128:1-btrfs-discard]
 149702       2 I       01:47:29 kworker/4:0-mm_ [kworker/4:0-mm_percpu_wq]
 149709       2 I       01:43:59 kworker/24:1    [kworker/24:1]
 149715     959 Ss      01:28:43 sshd-session    sshd-session: wd [priv]
 149728  149715 S       01:28:43 sshd-session    sshd-session: wd@pts/0
 149729  149728 Ss      01:28:43 bash            -bash
 150287       2 I       01:28:30 kworker/30:0-mm [kworker/30:0-mm_percpu_wq]
 152413     959 Ss      01:24:32 sshd-session    sshd-session: wd [priv]
 152426  152413 S       01:24:32 sshd-session    sshd-session: wd@pts/1
 152427  152426 Ss+     01:24:32 bash            -bash
 153133       2 I       01:23:47 kworker/31:2-ev [kworker/31:2-events]
 153244       2 I       01:20:27 kworker/1:1     [kworker/1:1]
 153250       2 I<      01:20:22 kworker/u132:6- [kworker/u132:6-ttm]
 153257       2 I<      01:20:22 kworker/u132:14 [kworker/u132:14-ttm]
 153261       2 I<      01:20:22 kworker/u133:2- [kworker/u133:2-ttm]
 153269       2 I       01:20:21 kworker/23:2-ev [kworker/23:2-events]
 153312       2 I       01:18:38 kworker/7:0-rcu [kworker/7:0-rcu_gp]
 153313       2 I       01:18:33 kworker/22:0    [kworker/22:0]
 153314       2 I       01:18:33 kworker/0:1-eve [kworker/0:1-events]
 157862       2 I          54:16 kworker/u130:18 [kworker/u130:18-btrfs-endio-write]
 157990       2 I          49:15 kworker/u130:1- [kworker/u130:1-btrfs-endio]
 158322       2 I          33:01 kworker/u129:4- [kworker/u129:4-btrfs-endio]
 158356       2 I          33:00 kworker/u130:0- [kworker/u130:0-btrfs-endio]
 158359       2 I          33:00 kworker/u130:3- [kworker/u130:3-btrfs-endio]
 158493       2 I          32:17 kworker/u129:6- [kworker/u129:6-btrfs-endio-write]
 158644       2 I          31:57 kworker/u129:8- [kworker/u129:8-btrfs-endio]
 158719       2 I          31:32 kworker/u129:9- [kworker/u129:9-btrfs-endio-write]
 158773       2 I          31:30 kworker/u129:10 [kworker/u129:10-btrfs-endio]
 158901       2 I          31:20 kworker/u130:6- [kworker/u130:6-btrfs-endio]
 158913       2 I          31:04 kworker/9:1-eve [kworker/9:1-events]
 158980  149729 Sl+        27:37 pi              pi
 159788       2 I          25:41 kworker/u129:0- [kworker/u129:0-btrfs-endio]
 159789       2 I          25:40 kworker/u129:2- [kworker/u129:2-btrfs-endio]
 159790       2 I          25:40 kworker/u129:7- [kworker/u129:7-btrfs-endio-write]
 159791       2 I          25:40 kworker/u129:11 [kworker/u129:11-btrfs-endio-write]
 160923       2 I          22:57 kworker/u130:5- [kworker/u130:5-btrfs-endio-write]
 163725       2 I          14:51 kworker/u130:2- [kworker/u130:2-btrfs-endio-write]
 163726       2 I          14:51 kworker/u130:4- [kworker/u130:4-btrfs-endio-write]
 166013       2 I          10:59 kworker/u129:3- [kworker/u129:3-btrfs-delalloc]
 166912       2 I          10:11 kworker/u130:7- [kworker/u130:7-btrfs-endio-write]
 166913       2 I          10:11 kworker/u130:8- [kworker/u130:8-btrfs-endio-write]
 167035       2 I          10:11 kworker/u130:9- [kworker/u130:9-btrfs-endio-write]
 171093       2 I          09:37 kworker/u129:5- [kworker/u129:5-btrfs-endio]
 171094       2 I          09:37 kworker/u129:12 [kworker/u129:12-btrfs-endio]
 172680       2 I          09:15 kworker/u129:13 [kworker/u129:13-btrfs-endio]
 172683       2 I          09:09 kworker/u129:15 [kworker/u129:15-btrfs-endio-meta]
 173095       2 I          09:01 kworker/u129:16 [kworker/u129:16-btrfs-endio]
 173096       2 I          09:01 kworker/u129:17 [kworker/u129:17-btrfs-endio]
 173097       2 I          09:01 kworker/u129:18 [kworker/u129:18-btrfs-endio-write]
 175714       2 I          08:05 kworker/u130:10 [kworker/u130:10-btrfs-endio-write]
 175715       2 I          08:05 kworker/u130:11 [kworker/u130:11-btrfs-endio-write]
 175716       2 I          08:05 kworker/u130:12 [kworker/u130:12-btrfs-endio]
 177740       2 I          04:57 kworker/u130:13 [kworker/u130:13-btrfs-endio-write]
 177741       2 I          04:57 kworker/u130:14 [kworker/u130:14-btrfs-endio-write]
 177742       2 I          04:57 kworker/u130:15 [kworker/u130:15-btrfs-endio]
 177743       2 I          04:57 kworker/u130:16 [kworker/u130:16-btrfs-endio-write]
 177802       2 I          04:55 kworker/9:0-rcu [kworker/9:0-rcu_gp]
 177847       2 I          04:53 kworker/1:0-mm_ [kworker/1:0-mm_percpu_wq]
 177858       2 I          04:52 kworker/u130:17 [kworker/u130:17-btrfs-endio]
 177859       2 I          04:52 kworker/u130:19 [kworker/u130:19-btrfs-endio-write]
 178207       2 I          04:42 kworker/0:2-rcu [kworker/0:2-rcu_gp]
 179086       2 I          04:01 kworker/u129:1- [kworker/u129:1-btrfs-endio]
 197879       2 I          03:19 kworker/u129:14 [kworker/u129:14-btrfs-delalloc]
 197886       2 I          03:19 kworker/2:1-eve [kworker/2:1-events]
 197889       2 I          03:19 kworker/u129:19 [kworker/u129:19-btrfs-delalloc]
 197890       2 I          03:19 kworker/u129:20 [kworker/u129:20-btrfs-endio]
 197891       2 I          03:19 kworker/u129:21 [kworker/u129:21-btrfs-endio-meta]
 197892       2 I          03:19 kworker/u129:22 [kworker/u129:22-btrfs-endio]
 198748       2 I          02:52 kworker/u128:0- [kworker/u128:0-kec]
 198752       2 I<         02:52 kworker/u132:0- [kworker/u132:0-ttm]
 198753       2 I<         02:52 kworker/u132:1- [kworker/u132:1-ttm]
 198754       2 I<         02:52 kworker/u132:2- [kworker/u132:2-ttm]
 198776       2 I          02:52 kworker/8:1-eve [kworker/8:1-events]
 198780       2 I<         02:51 kworker/u132:3- [kworker/u132:3-ttm]
 198782       2 I          02:51 kworker/3:1-eve [kworker/3:1-events]
 198802       2 I<         02:51 kworker/u132:4- [kworker/u132:4-ttm]
 198803       2 I<         02:51 kworker/u132:5- [kworker/u132:5-ttm]
 198804       2 I<         02:51 kworker/u132:7- [kworker/u132:7-ttm]
 198809       2 I<         02:51 kworker/u132:8- [kworker/u132:8-ttm]
 198810       2 I<         02:51 kworker/u132:9- [kworker/u132:9-ttm]
 198811       2 I<         02:51 kworker/u132:10 [kworker/u132:10-ttm]
 198829       2 I          02:51 kworker/16:2-rc [kworker/16:2-rcu_gp]
 198882       2 I          02:50 kworker/25:2-rc [kworker/25:2-rcu_gp]
 198922       2 I          02:50 kworker/7:1-mm_ [kworker/7:1-mm_percpu_wq]
 198931       2 I          02:50 kworker/5:1-mm_ [kworker/5:1-mm_percpu_wq]
 198951       2 I<         02:48 kworker/u132:11 [kworker/u132:11-ttm]
 199021       2 I<         02:07 kworker/u132:12 [kworker/u132:12-ttm]
 199054       2 I<         01:56 kworker/u132:13 [kworker/u132:13-ttm]
 199055       2 I<         01:56 kworker/u132:15 [kworker/u132:15-ttm]
 199082       2 I<         01:34 kworker/u132:16 [kworker/u132:16-ttm]
 201637       2 I          00:26 kworker/28:1-mm [kworker/28:1-mm_percpu_wq]
 201670       2 I          00:25 kworker/10:0-ev [kworker/10:0-events]
 201719       2 I          00:25 kworker/11:1-mm [kworker/11:1-mm_percpu_wq]
 201846  158980 Ss         00:00 bash            /bin/bash -c cd /home/wd/rocm-systems heavy-run -- env HSA_DISABLE_XDNA=1 ROCPROFILER_PC_SAMPLING_BETA_ENABLED=1 ROCM_PATH=/home/wd/venv_torch/lib/python3.14/site-packages/_rocm_sdk_devel python3 test_pc_sampling.py 2>&1 | tail -12
 201847  201846 S          00:00 flock           flock -x -E 75 /run/user/1000/heavy-run/reservation.lock /home/wd/.local/bin/heavy-run __heavy_run_acquired__ 0 0  -- env HSA_DISABLE_XDNA=1 ROCPROFILER_PC_SAMPLING_BETA_ENABLED=1 ROCM_PATH=/home/wd/venv_torch/lib/python3.14/site-packages/_rocm_sdk_devel python3 test_pc_sampling.py
 201848  201846 S          00:00 tail            tail -12
 201854  201847 S          00:00 python3         python3 test_pc_sampling.py
 201874  201854 R          00:00 ps              ps -eo pid,ppid,stat,etime,comm,args
